// Jest Snapshot v1, https://goo.gl/fbAQLP

exports[`Expect homepage to match working snapshot 1`] = `
<DocumentFragment>
  <h3>
    Lets Do Some Math !
  </h3>
  <div
    class="calculator"
  >
    <div
      class="display"
    >
      <p>
        0
      </p>
    </div>
    <div
      class="row-button"
    >
      <button
        class="button"
        name="AC"
        type="button"
      >
        AC
      </button>
      <button
        class="button"
        name="+/-"
        type="button"
      >
        +/-
      </button>
      <button
        class="button"
        name="%"
        type="button"
      >
        %
      </button>
      <button
        class="button sign"
        name="&#247"
        type="button"
      >
        รท
      </button>
    </div>
    <div
      class="row-button"
    >
      <button
        class="button"
        name="7"
        type="button"
      >
        7
      </button>
      <button
        class="button"
        name="8"
        type="button"
      >
        8
      </button>
      <button
        class="button"
        name="9"
        type="button"
      >
        9
      </button>
      <button
        class="button sign"
        name="x"
        type="button"
      >
        x
      </button>
    </div>
    <div
      class="row-button"
    >
      <button
        class="button"
        name="4"
        type="button"
      >
        4
      </button>
      <button
        class="button"
        name="5"
        type="button"
      >
        5
      </button>
      <button
        class="button"
        name="6"
        type="button"
      >
        6
      </button>
      <button
        class="button sign"
        name="-"
        type="button"
      >
        -
      </button>
    </div>
    <div
      class="row-button"
    >
      <button
        class="button"
        name="1"
        type="button"
      >
        1
      </button>
      <button
        class="button"
        name="2"
        type="button"
      >
        2
      </button>
      <button
        class="button"
        name="3"
        type="button"
      >
        3
      </button>
      <button
        class="button sign"
        name="+"
        type="button"
      >
        +
      </button>
    </div>
    <div
      class="row-button"
    >
      <button
        class="button zero-button"
        name="0"
        type="button"
      >
        0
      </button>
      <button
        class="button"
        name="."
        type="button"
      >
        .
      </button>
      <button
        class="button sign"
        name="="
        type="button"
      >
        =
      </button>
    </div>
  </div>
</DocumentFragment>
`;
