// Jest Snapshot v1, https://goo.gl/fbAQLP

exports[`renders quote display correctly 1`] = `
<p>
  Loading...
</p>
`;
